Perm: [4 1 3]   6069 resident_time      160     9320       20  end_t      620     9940     9960  frame_num  [ 31. 497. 498.]
Perm: [4 1 3]   6002 resident_time       20    11720       20  end_t     2420    14140    14160  frame_num  [121. 707. 708.]
Perm: [4 1 3]   6009 resident_time      960    10100     1780  end_t     8840    18940    20720  frame_num  [ 442.  947. 1036.]
Perm: [4 1 3]   5975 resident_time     1380    13140       40  end_t    10140    23280    23320  frame_num  [ 507. 1164. 1166.]
Perm: [4 1 3]   6063 resident_time      560    10660      980  end_t    14360    25020    26000  frame_num  [ 718. 1251. 1300.]
Perm: [4 1 3]   6003 resident_time      500     6400       20  end_t    18920    25320    25340  frame_num  [ 946. 1266. 1267.]
Perm: [4 1 3]   6062 resident_time     1100    15720       20  end_t    23280    39000    39020  frame_num  [1164. 1950. 1951.]
Perm: [4 1 3]   6036 resident_time      980    30420      500  end_t    24980    55400    55900  frame_num  [1249. 2770. 2795.]
Perm: [4 1 3]   5979 resident_time      960    26060      900  end_t    29940    56000    56900  frame_num  [1497. 2800. 2845.]
Perm: [4 1 3]   6055 resident_time       20     2220       20  end_t    54280    56500    56520  frame_num  [2714. 2825. 2826.]
Perm: [4 1 3]   6062 resident_time      900     4640     2280  end_t    55380    60020    62300  frame_num  [2769. 3001. 3115.]
Perm: [4 1 3]   6016 resident_time      600     4300      840  end_t    56000    60300    61140  frame_num  [2800. 3015. 3057.]
Perm: [4 1 3]   6049 resident_time      980     5380     1040  end_t    56980    62360    63400  frame_num  [2849. 3118. 3170.]
Perm: [4 1 3]   6075 resident_time     1360     2900      200  end_t    60000    62900    63100  frame_num  [3000. 3145. 3155.]
Perm: [4 1 3]   5993 resident_time      660    15340       40  end_t    60300    75640    75680  frame_num  [3015. 3782. 3784.]
Perm: [4 1 3]   6077 resident_time     1400    16240       20  end_t    62360    78600    78620  frame_num  [3118. 3930. 3931.]
Perm: [4 1 3]   6006 resident_time      760    21380       20  end_t    62880    84260    84280  frame_num  [3144. 4213. 4214.]
Perm: [4 1 3]   6014 resident_time       20     7640       20  end_t    80180    87820    87840  frame_num  [4009. 4391. 4392.]
Perm: [4 1 3]   6065 resident_time       20     7520       40  end_t    81040    88560    88600  frame_num  [4052. 4428. 4430.]
Perm: [4 1 3]   5987 resident_time     1000     5780       20  end_t    85160    90940    90960  frame_num  [4258. 4547. 4548.]
Perm: [4 1 3]   5982 resident_time     1400     9160      120  end_t    87900    97060    97180  frame_num  [4395. 4853. 4859.]
Perm: [4 1 3]   5985 resident_time     1640    17460       20  end_t    88840   106300   106320  frame_num  [4442. 5315. 5316.]
Perm: [4 1 3]   5973 resident_time       20    16820       20  end_t    91000   107820   107840  frame_num  [4550. 5391. 5392.]
Perm: [4 1 3]   6040 resident_time      720    11320       40  end_t    97060   108380   108420  frame_num  [4853. 5419. 5421.]
Perm: [4 1 3]   6016 resident_time      700     3320      380  end_t   106980   110300   110680  frame_num  [5349. 5515. 5534.]
Perm: [4 1 3]   5986 resident_time     1040     9000     1060  end_t   108100   117100   118160  frame_num  [5405. 5855. 5908.]
Perm: [4 1 3]   6059 resident_time     1520    15940      540  end_t   108780   124720   125260  frame_num  [5439. 6236. 6263.]
Perm: [4 1 3]   6008 resident_time       20    14900       20  end_t   111880   126780   126800  frame_num  [5594. 6339. 6340.]
Perm: [4 1 3]   5987 resident_time       20    24800       60  end_t   117760   142560   142620  frame_num  [5888. 7128. 7131.]
Perm: [4 1 3]   5966 resident_time      900    28480     1000  end_t   124700   153180   154180  frame_num  [6235. 7659. 7709.]
Perm: [4 1 3]   6018 resident_time       20    12620       20  end_t   141640   154260   154280  frame_num  [7082. 7713. 7714.]
Perm: [4 1 3]   5992 resident_time      500    16700       20  end_t   142560   159260   159280  frame_num  [7128. 7963. 7964.]
Perm: [4 1 3]   6067 resident_time      840    10740       20  end_t   153160   163900   163920  frame_num  [7658. 8195. 8196.]
Perm: [4 1 3]   6023 resident_time     1200     8700       20  end_t   158020   166720   166740  frame_num  [7901. 8336. 8337.]
Perm: [4 1 3]   6068 resident_time     1060     8020       20  end_t   159840   167860   167880  frame_num  [7992. 8393. 8394.]
Perm: [4 1 3]   6022 resident_time       20     2760       20  end_t   165920   168680   168700  frame_num  [8296. 8434. 8435.]
Perm: [4 1 3]   6035 resident_time     1780     6140     2380  end_t   167040   173180   175560  frame_num  [8352. 8659. 8778.]
Perm: [4 1 3]   6054 resident_time     2240    10240       40  end_t   168080   178320   178360  frame_num  [8404. 8916. 8918.]
Perm: [4 1 3]   6066 resident_time      680    10580       20  end_t   171700   182280   182300  frame_num  [8585. 9114. 9115.]
Perm: [4 1 3]   6039 resident_time      660    10100       20  end_t   173160   183260   183280  frame_num  [8658. 9163. 9164.]
Perm: [4 1 3]   6048 resident_time     1020     9400       20  end_t   178240   187640   187660  frame_num  [8912. 9382. 9383.]
Perm: [4 1 3]   6023 resident_time     3520    15200      120  end_t   182520   197720   197840  frame_num  [9126. 9886. 9892.]
Perm: [4 1 3]   5984 resident_time     2500    16040       40  end_t   184720   200760   200800  frame_num  [ 9236. 10038. 10040.]
Perm: [4 1 3]   6053 resident_time     1020    16640     1120  end_t   187680   204320   205440  frame_num  [ 9384. 10216. 10272.]
Perm: [4 1 3]   6084 resident_time       20     8720       20  end_t   197940   206660   206680  frame_num  [ 9897. 10333. 10334.]
Perm: [4 1 3]   5995 resident_time       20    14060       20  end_t   201800   215860   215880  frame_num  [10090. 10793. 10794.]
Perm: [4 1 3]   6092 resident_time      800    25460     1340  end_t   204320   229780   231120  frame_num  [10216. 11489. 11556.]
Perm: [4 1 3]   6048 resident_time     1820    20500       20  end_t   214560   235060   235080  frame_num  [10728. 11753. 11754.]
Perm: [4 1 3]   6071 resident_time       20     8180       20  end_t   227740   235920   235940  frame_num  [11387. 11796. 11797.]
Perm: [4 1 3]   6021 resident_time       20     2560       40  end_t   234200   236760   236800  frame_num  [11710. 11838. 11840.]
Perm: [4 1 3]   6080 resident_time      500     2700       20  end_t   235100   237800   237820  frame_num  [11755. 11890. 11891.]
Perm: [4 1 3]   6018 resident_time     1520     4300       20  end_t   236320   240620   240640  frame_num  [11816. 12031. 12032.]
Perm: [4 1 3]   6010 resident_time      580     5800       20  end_t   236720   242520   242540  frame_num  [11836. 12126. 12127.]
Perm: [4 1 3]   6026 resident_time      740     5460      960  end_t   238860   244320   245280  frame_num  [11943. 12216. 12264.]
Perm: [4 1 3]   6045 resident_time     2120     3000       20  end_t   242000   245000   245020  frame_num  [12100. 12250. 12251.]
Perm: [4 1 3]   5967 resident_time     1240     7660     2620  end_t   242800   250460   253080  frame_num  [12140. 12523. 12654.]
Perm: [4 1 3]   5977 resident_time     2640     7420      800  end_t   244320   251740   252540  frame_num  [12216. 12587. 12627.]
Perm: [4 1 3]   6048 resident_time      620     3420       20  end_t   249140   252560   252580  frame_num  [12457. 12628. 12629.]
Perm: [4 1 3]   6091 resident_time      540     5680       40  end_t   250460   256140   256180  frame_num  [12523. 12807. 12809.]
Perm: [4 1 3]   6063 resident_time     1020     8920     1700  end_t   251680   260600   262300  frame_num  [12584. 13030. 13115.]
Perm: [4 1 3]   5975 resident_time     1180     9580       20  end_t   252880   262460   262480  frame_num  [12644. 13123. 13124.]
Perm: [4 1 3]   5982 resident_time     2140    10280       20  end_t   256320   266600   266620  frame_num  [12816. 13330. 13331.]
Perm: [4 1 3]   6070 resident_time     1900     9240      940  end_t   260580   269820   270760  frame_num  [13029. 13491. 13538.]
Perm: [4 1 3]   6025 resident_time     1420     8640      560  end_t   262960   271600   272160  frame_num  [13148. 13580. 13608.]
Perm: [4 1 3]   6084 resident_time     3220     4680     1700  end_t   267300   271980   273680  frame_num  [13365. 13599. 13684.]
Perm: [4 1 3]   6079 resident_time     1100     2600     1800  end_t   269820   272420   274220  frame_num  [13491. 13621. 13711.]
Perm: [4 1 3]   5974 resident_time     1840     1440       20  end_t   271580   273020   273040  frame_num  [13579. 13651. 13652.]
Perm: [4 1 3]   6004 resident_time     1080    11800     6580  end_t   271960   283760   290340  frame_num  [13598. 14188. 14517.]
Perm: [4 1 3]   6047 resident_time      480    12540       20  end_t   272400   284940   284960  frame_num  [13620. 14247. 14248.]
Perm: [4 1 3]   6084 resident_time       20    15560     1020  end_t   278560   294120   295140  frame_num  [13928. 14706. 14757.]
Perm: [4 1 3]   6044 resident_time     3980    12300       20  end_t   283720   296020   296040  frame_num  [14186. 14801. 14802.]
Perm: [4 1 3]   5963 resident_time     1020    12300      300  end_t   285060   297360   297660  frame_num  [14253. 14868. 14883.]
Perm: [4 1 3]   6080 resident_time      700     9440     1600  end_t   294120   303560   305160  frame_num  [14706. 15178. 15258.]
Perm: [4 1 3]   6035 resident_time      200     8880       20  end_t   296540   305420   305440  frame_num  [14827. 15271. 15272.]
Perm: [4 1 3]   5998 resident_time     1220    15360      920  end_t   297340   312700   313620  frame_num  [14867. 15635. 15681.]
Perm: [4 1 3]   5984 resident_time     1200     9840       20  end_t   303560   313400   313420  frame_num  [15178. 15670. 15671.]
Perm: [4 1 3]   6084 resident_time       20     7880       20  end_t   307620   315500   315520  frame_num  [15381. 15775. 15776.]
Perm: [4 1 3]   6016 resident_time      940     4000       20  end_t   312700   316700   316720  frame_num  [15635. 15835. 15836.]
Perm: [4 1 3]   6078 resident_time     1020    16960       20  end_t   315340   332300   332320  frame_num  [15767. 16615. 16616.]
Perm: [4 1 3]   6059 resident_time       20    15100     1020  end_t   322500   337600   338620  frame_num  [16125. 16880. 16931.]
Perm: [4 1 3]   6073 resident_time     2560     9540      600  end_t   330580   340120   340720  frame_num  [16529. 17006. 17036.]
Perm: [4 1 3]   6028 resident_time       20     7060       20  end_t   333200   340260   340280  frame_num  [16660. 17013. 17014.]
Perm: [4 1 3]   5970 resident_time      960     3680       20  end_t   337580   341260   341280  frame_num  [16879. 17063. 17064.]
Perm: [4 1 3]   6089 resident_time      480     3660       20  end_t   340100   343760   343780  frame_num  [17005. 17188. 17189.]
Perm: [4 1 3]   5984 resident_time     1660    12400       40  end_t   341000   353400   353440  frame_num  [17050. 17670. 17672.]
Perm: [4 1 3]   6061 resident_time     2000    17020      460  end_t   341300   358320   358780  frame_num  [17065. 17916. 17939.]
Perm: [4 1 3]   5963 resident_time     1320    17680      160  end_t   344200   361880   362040  frame_num  [17210. 18094. 18102.]
Perm: [4 1 3]   6063 resident_time      680     9000      720  end_t   354040   363040   363760  frame_num  [17702. 18152. 18188.]
Perm: [4 1 3]   5977 resident_time     3020     7040     1400  end_t   358340   365380   366780  frame_num  [17917. 18269. 18339.]
Perm: [4 1 3]   6034 resident_time     1660     7000     1980  end_t   361880   368880   370860  frame_num  [18094. 18444. 18543.]
Perm: [4 1 3]   6056 resident_time     1100     6220       20  end_t   363020   369240   369260  frame_num  [18151. 18462. 18463.]
Perm: [4 1 3]   6013 resident_time     4120    10820       40  end_t   365360   376180   376220  frame_num  [18268. 18809. 18811.]
Perm: [4 1 3]   6042 resident_time     1980    11260       60  end_t   368840   380100   380160  frame_num  [18442. 19005. 19008.]
Perm: [4 1 3]   6023 resident_time       20    16880       20  end_t   370320   387200   387220  frame_num  [18516. 19360. 19361.]
Perm: [4 1 3]   6000 resident_time     1160    49880       20  end_t   376340   426220   426240  frame_num  [18817. 21311. 21312.]
Perm: [4 1 3]   6033 resident_time     2380    44500       20  end_t   386000   430500   430520  frame_num  [19300. 21525. 21526.]
Perm: [4 1 3]   6014 resident_time      620    16260      420  end_t   419080   435340   435760  frame_num  [20954. 21767. 21788.]
Perm: [4 1 3]   5978 resident_time       20    11280       20  end_t   426360   437640   437660  frame_num  [21318. 21882. 21883.]
Perm: [4 1 3]   5967 resident_time     3320    18980     1140  end_t   430680   449660   450800  frame_num  [21534. 22483. 22540.]
Perm: [4 1 3]   5988 resident_time      480    16800       20  end_t   435340   452140   452160  frame_num  [21767. 22607. 22608.]
Perm: [4 1 3]   6030 resident_time      600    10920     1600  end_t   443940   454860   456460  frame_num  [22197. 22743. 22823.]
Perm: [4 1 3]   6015 resident_time      920     5520       20  end_t   449660   455180   455200  frame_num  [22483. 22759. 22760.]
Perm: [4 1 3]   6044 resident_time     2060    12620      640  end_t   452380   465000   465640  frame_num  [22619. 23250. 23282.]
Perm: [4 1 3]   5980 resident_time      540    10800     1180  end_t   454860   465660   466840  frame_num  [22743. 23283. 23342.]
Perm: [4 1 3]   5971 resident_time     2860     2160      480  end_t   463820   465980   466460  frame_num  [23191. 23299. 23323.]
Perm: [4 1 3]   5979 resident_time     1700     2500       40  end_t   465000   467500   467540  frame_num  [23250. 23375. 23377.]
Perm: [4 1 3]   6021 resident_time      460     4480       20  end_t   465660   470140   470160  frame_num  [23283. 23507. 23508.]
Perm: [4 1 3]   6056 resident_time     2000     6180       20  end_t   465960   472140   472160  frame_num  [23298. 23607. 23608.]
Perm: [4 1 3]   5977 resident_time       20     7160     2020  end_t   467560   474720   476740  frame_num  [23378. 23736. 23837.]
Perm: [4 1 3]   6032 resident_time     1040     5780     2180  end_t   470300   476080   478260  frame_num  [23515. 23804. 23913.]
Perm: [4 1 3]   6084 resident_time     1060     6500       60  end_t   472820   479320   479380  frame_num  [23641. 23966. 23969.]
Perm: [4 1 3]   6070 resident_time     2520     6020      940  end_t   474700   480720   481660  frame_num  [23735. 24036. 24083.]
Perm: [4 1 3]   6012 resident_time      820     6940       20  end_t   476080   483020   483040  frame_num  [23804. 24151. 24152.]
Perm: [4 1 3]   6081 resident_time      460     6360       40  end_t   480260   486620   486660  frame_num  [24013. 24331. 24333.]
Perm: [4 1 3]   5994 resident_time     1120     8780       20  end_t   480720   489500   489520  frame_num  [24036. 24475. 24476.]
Perm: [4 1 3]   6048 resident_time     3080     9240       20  end_t   483400   492640   492660  frame_num  [24170. 24632. 24633.]
Perm: [4 1 3]   6027 resident_time      780     6820      200  end_t   488820   495640   495840  frame_num  [24441. 24782. 24792.]
